// Jest Snapshot v1, https://goo.gl/fbAQLP

exports[`ForecastSummary renders correctly 1`] = `
<DocumentFragment>
  <div
    class="forecast-details"
    data-testid="forecast-details"
  >
    <div
      class="forecast-details__date"
    >
      Thu 1st Jan
    </div>
    <div
      class="forecast-summary__max-temperature"
    >
      22°C
    </div>
    <div
      class="forecast-summary__min-temperature"
    >
      12°C
    </div>
    <div
      class="forecast-details__humidity"
    >
      80 
    </div>
    <div
      class="forecast-summary__wind"
    >
      13
    </div>
    <div
      class="forecast-summary__direction"
    >
      NW
    </div>
  </div>
</DocumentFragment>
`;
